// Jest Snapshot v1, https://goo.gl/fbAQLP

exports[`Scheduling Default Adapter success pingUrl pingUrl (PUT) 1 1`] = `
Object {
  "rendered": "<meta name=\\"description\\" content=\\"all about our site\\">
    <link rel=\\"canonical\\" href=\\"http://127.0.0.1:2369/post/\\">
    <meta name=\\"referrer\\" content=\\"no-referrer-when-downgrade\\">
    
    <meta property=\\"og:site_name\\" content=\\"Ghost\\">
    <meta property=\\"og:type\\" content=\\"article\\">
    <meta property=\\"og:title\\" content=\\"Custom Facebook title\\">
    <meta property=\\"og:description\\" content=\\"Custom Facebook description\\">
    <meta property=\\"og:url\\" content=\\"http://127.0.0.1:2369/post/\\">
    <meta property=\\"og:image\\" content=\\"http://127.0.0.1:2369/content/images/test-og-image.png\\">
    <meta property=\\"article:published_time\\" content=\\"1970-01-01T00:00:00.000Z\\">
    <meta property=\\"article:modified_time\\" content=\\"1970-01-01T00:00:00.000Z\\">
    <meta property=\\"article:author\\" content=\\"https://www.facebook.com/testuser\\">
    <meta name=\\"twitter:card\\" content=\\"summary_large_image\\">
    <meta name=\\"twitter:title\\" content=\\"Custom Twitter title\\">
    <meta name=\\"twitter:description\\" content=\\"Custom Twitter description\\">
    <meta name=\\"twitter:url\\" content=\\"http://127.0.0.1:2369/post/\\">
    <meta name=\\"twitter:image\\" content=\\"http://127.0.0.1:2369/content/images/test-twitter-image.png\\">
    <meta name=\\"twitter:label1\\" content=\\"Written by\\">
    <meta name=\\"twitter:data1\\" content=\\"name\\">
    <meta name=\\"twitter:creator\\" content=\\"@testuser\\">
    
    <script type=\\"application/ld+json\\">
{
    \\"@context\\": \\"https://schema.org\\",
    \\"@type\\": \\"Article\\",
    \\"publisher\\": {
        \\"@type\\": \\"Organization\\",
        \\"name\\": \\"Ghost\\",
        \\"url\\": \\"http://127.0.0.1:2369/\\",
        \\"logo\\": {
            \\"@type\\": \\"ImageObject\\",
            \\"url\\": \\"http://127.0.0.1:2369/favicon.ico\\"
        }
    },
    \\"author\\": {
        \\"@type\\": \\"Person\\",
        \\"name\\": \\"name\\",
        \\"image\\": {
            \\"@type\\": \\"ImageObject\\",
            \\"url\\": \\"http://127.0.0.1:2369/content/images/test-author-image.png\\"
        },
        \\"url\\": \\"https://mysite.com/fakeauthor/\\",
        \\"sameAs\\": [
            \\"http://authorwebsite.com\\",
            \\"https://www.facebook.com/testuser\\",
            \\"https://x.com/testuser\\"
        ]
    },
    \\"headline\\": \\"About\\",
    \\"url\\": \\"http://127.0.0.1:2369/post/\\",
    \\"datePublished\\": \\"1970-01-01T00:00:00.000Z\\",
    \\"dateModified\\": \\"1970-01-01T00:00:00.000Z\\",
    \\"image\\": {
        \\"@type\\": \\"ImageObject\\",
        \\"url\\": \\"http://127.0.0.1:2369/content/images/test-image-about.png\\"
    },
    \\"description\\": \\"all about our site\\",
    \\"mainEntityOfPage\\": \\"http://127.0.0.1:2369/post/\\"
}
    </script>

    <meta name=\\"generator\\" content=\\"Ghost 0.3\\">
    <link rel=\\"alternate\\" type=\\"application/rss+xml\\" title=\\"Ghost\\" href=\\"http://localhost:65530/rss/\\">
    
    <script defer src=\\"https://cdn.jsdelivr.net/ghost/sodo-search@~[[VERSION]]/umd/sodo-search.min.js\\" data-key=\\"xyz\\" data-styles=\\"https://cdn.jsdelivr.net/ghost/sodo-search@~[[VERSION]]/umd/main.css\\" data-sodo-search=\\"http://127.0.0.1:2369/\\" data-locale=\\"en\\" crossorigin=\\"anonymous\\"></script>
    
    <link href=\\"http://127.0.0.1:2369/webmentions/receive/\\" rel=\\"webmention\\">
    <script defer src=\\"/public/comment-counts.min.js?v=072b030ba1\\" data-ghost-comments-counts-api=\\"http://127.0.0.1:2369/members/api/comments/counts/\\"></script>",
}
`;
