// Jest Snapshot v1, https://goo.gl/fbAQLP

exports[`Click Tracking Full test 1: [headers] 1`] = `
Object {
  "accept-encoding": "gzip, deflate, br",
  "content-length": Any<Number>,
  "content-type": "application/json",
  "content-version": StringMatching /v\\\\d\\+\\\\\\.\\\\d\\+/,
  "user-agent": StringMatching /Ghost\\\\/\\\\d\\+\\\\\\.\\\\d\\+\\\\\\.\\\\d\\+\\\\s\\\\\\(https:\\\\/\\\\/github\\.com\\\\/TryGhost\\\\/Ghost\\\\\\)/,
}
`;

exports[`Click Tracking Full test 2: [body] 1`] = `
Object {
  "member": Object {
    "current": Object {
      "avatar_image": null,
      "comped": false,
      "created_at": StringMatching /\\\\d\\{4\\}-\\\\d\\{2\\}-\\\\d\\{2\\}T\\\\d\\{2\\}:\\\\d\\{2\\}:\\\\d\\{2\\}\\\\\\.000Z/,
      "email": "with-product@test.com",
      "email_count": 0,
      "email_open_rate": null,
      "email_opened_count": 0,
      "geolocation": null,
      "id": StringMatching /\\[a-f0-9\\]\\{24\\}/,
      "labels": Array [],
      "last_seen_at": StringMatching /\\\\d\\{4\\}-\\\\d\\{2\\}-\\\\d\\{2\\}T\\\\d\\{2\\}:\\\\d\\{2\\}:\\\\d\\{2\\}\\\\\\.000Z/,
      "name": "Dana Barrett",
      "newsletters": Array [],
      "note": null,
      "status": "paid",
      "subscribed": false,
      "subscriptions": Array [],
      "updated_at": StringMatching /\\\\d\\{4\\}-\\\\d\\{2\\}-\\\\d\\{2\\}T\\\\d\\{2\\}:\\\\d\\{2\\}:\\\\d\\{2\\}\\\\\\.000Z/,
      "uuid": "f6f91461-d7d8-4a3f-aa5d-8e582c40b347",
    },
    "previous": Object {
      "last_seen_at": null,
      "updated_at": StringMatching /\\\\d\\{4\\}-\\\\d\\{2\\}-\\\\d\\{2\\}T\\\\d\\{2\\}:\\\\d\\{2\\}:\\\\d\\{2\\}\\\\\\.000Z/,
    },
  },
}
`;
