// Jest Snapshot v1, https://goo.gl/fbAQLP

exports[`Authentication API generateResetToken Cannot generate reset token without required info 1: [body] 1`] = `
Object {
  "errors": Array [
    Object {
      "code": null,
      "context": null,
      "details": null,
      "ghostErrorCode": null,
      "help": null,
      "id": StringMatching /\\[a-f0-9\\]\\{8\\}-\\[a-f0-9\\]\\{4\\}-\\[a-f0-9\\]\\{4\\}-\\[a-f0-9\\]\\{4\\}-\\[a-f0-9\\]\\{12\\}/,
      "message": "The server did not receive a valid email",
      "property": null,
      "type": "BadRequestError",
    },
  ],
}
`;
