// Jest Snapshot v1, https://goo.gl/fbAQLP

exports[`Members Streaming Export Uses streaming export for large member counts 1: [headers] 1`] = `
Object {
  "access-control-allow-origin": "http://127.0.0.1:2369",
  "cache-control": "no-cache, private, no-store, must-revalidate, max-stale=0, post-check=0, pre-check=0",
  "content-version": StringMatching /v\\\\d\\+\\\\\\.\\\\d\\+/,
  "vary": "Accept-Version, Origin",
  "x-powered-by": "Express",
}
`;
