// Jest Snapshot v1, https://goo.gl/fbAQLP

exports[`Members API - With Newsletters - compat mode Can fetch members who are NOT subscribed 1: [body] 1`] = `
Object {
  "members": Array [
    Object {
      "avatar_image": null,
      "comped": false,
      "created_at": StringMatching /\\\\d\\{4\\}-\\\\d\\{2\\}-\\\\d\\{2\\}T\\\\d\\{2\\}:\\\\d\\{2\\}:\\\\d\\{2\\}\\\\\\.000Z/,
      "email": "with-product@test.com",
      "email_count": 0,
      "email_open_rate": null,
      "email_opened_count": 0,
      "email_suppression": Object {
        "info": null,
        "suppressed": false,
      },
      "geolocation": null,
      "id": StringMatching /\\[a-f0-9\\]\\{24\\}/,
      "labels": Any<Array>,
      "last_seen_at": null,
      "name": "Dana Barrett",
      "newsletters": Any<Array>,
      "note": null,
      "status": "paid",
      "subscribed": false,
      "subscriptions": Any<Array>,
      "unsubscribe_url": "http://domain.com/unsubscribe/?uuid=memberuuid&key=abc123dontstealme",
      "updated_at": StringMatching /\\\\d\\{4\\}-\\\\d\\{2\\}-\\\\d\\{2\\}T\\\\d\\{2\\}:\\\\d\\{2\\}:\\\\d\\{2\\}\\\\\\.000Z/,
      "uuid": StringMatching /\\[a-f0-9\\]\\{8\\}-\\[a-f0-9\\]\\{4\\}-\\[a-f0-9\\]\\{4\\}-\\[a-f0-9\\]\\{4\\}-\\[a-f0-9\\]\\{12\\}/,
    },
    Object {
      "avatar_image": null,
      "comped": false,
      "created_at": StringMatching /\\\\d\\{4\\}-\\\\d\\{2\\}-\\\\d\\{2\\}T\\\\d\\{2\\}:\\\\d\\{2\\}:\\\\d\\{2\\}\\\\\\.000Z/,
      "email": "vip-paid@test.com",
      "email_count": 0,
      "email_open_rate": null,
      "email_opened_count": 0,
      "email_suppression": Object {
        "info": null,
        "suppressed": false,
      },
      "geolocation": null,
      "id": StringMatching /\\[a-f0-9\\]\\{24\\}/,
      "labels": Any<Array>,
      "last_seen_at": null,
      "name": "Peter Venkman",
      "newsletters": Any<Array>,
      "note": null,
      "status": "paid",
      "subscribed": false,
      "subscriptions": Any<Array>,
      "unsubscribe_url": "http://domain.com/unsubscribe/?uuid=memberuuid&key=abc123dontstealme",
      "updated_at": StringMatching /\\\\d\\{4\\}-\\\\d\\{2\\}-\\\\d\\{2\\}T\\\\d\\{2\\}:\\\\d\\{2\\}:\\\\d\\{2\\}\\\\\\.000Z/,
      "uuid": StringMatching /\\[a-f0-9\\]\\{8\\}-\\[a-f0-9\\]\\{4\\}-\\[a-f0-9\\]\\{4\\}-\\[a-f0-9\\]\\{4\\}-\\[a-f0-9\\]\\{12\\}/,
    },
  ],
  "meta": Object {
    "pagination": Object {
      "limit": 15,
      "next": null,
      "page": 1,
      "pages": 1,
      "prev": null,
      "total": 2,
    },
  },
}
`;

exports[`Members API - With Newsletters - compat mode Can fetch members who are NOT subscribed 2: [headers] 1`] = `
Object {
  "access-control-allow-origin": "http://127.0.0.1:2369",
  "cache-control": "no-cache, private, no-store, must-revalidate, max-stale=0, post-check=0, pre-check=0",
  "content-length": "2407",
  "content-type": "application/json; charset=utf-8",
  "content-version": StringMatching /v\\\\d\\+\\\\\\.\\\\d\\+/,
  "etag": StringMatching /\\(\\?:W\\\\/\\)\\?"\\(\\?:\\[ !#-\\\\x7E\\\\x80-\\\\xFF\\]\\*\\|\\\\r\\\\n\\[\\\\t \\]\\|\\\\\\\\\\.\\)\\*"/,
  "vary": "Accept-Version, Origin, Accept-Encoding",
  "x-powered-by": "Express",
}
`;

exports[`Members API - With Newsletters - compat mode Can fetch members who are subscribed 1: [body] 1`] = `
Object {
  "members": Array [
    Object {
      "avatar_image": null,
      "comped": false,
      "created_at": StringMatching /\\\\d\\{4\\}-\\\\d\\{2\\}-\\\\d\\{2\\}T\\\\d\\{2\\}:\\\\d\\{2\\}:\\\\d\\{2\\}\\\\\\.000Z/,
      "email": "vip@test.com",
      "email_count": 0,
      "email_open_rate": null,
      "email_opened_count": 0,
      "email_suppression": Object {
        "info": null,
        "suppressed": false,
      },
      "geolocation": null,
      "id": StringMatching /\\[a-f0-9\\]\\{24\\}/,
      "labels": Any<Array>,
      "last_seen_at": null,
      "name": "Winston Zeddemore",
      "newsletters": Any<Array>,
      "note": null,
      "status": "free",
      "subscribed": true,
      "subscriptions": Any<Array>,
      "unsubscribe_url": "http://domain.com/unsubscribe/?uuid=memberuuid&key=abc123dontstealme",
      "updated_at": StringMatching /\\\\d\\{4\\}-\\\\d\\{2\\}-\\\\d\\{2\\}T\\\\d\\{2\\}:\\\\d\\{2\\}:\\\\d\\{2\\}\\\\\\.000Z/,
      "uuid": StringMatching /\\[a-f0-9\\]\\{8\\}-\\[a-f0-9\\]\\{4\\}-\\[a-f0-9\\]\\{4\\}-\\[a-f0-9\\]\\{4\\}-\\[a-f0-9\\]\\{12\\}/,
    },
    Object {
      "avatar_image": null,
      "comped": false,
      "created_at": StringMatching /\\\\d\\{4\\}-\\\\d\\{2\\}-\\\\d\\{2\\}T\\\\d\\{2\\}:\\\\d\\{2\\}:\\\\d\\{2\\}\\\\\\.000Z/,
      "email": "comped@test.com",
      "email_count": 0,
      "email_open_rate": null,
      "email_opened_count": 0,
      "email_suppression": Object {
        "info": null,
        "suppressed": false,
      },
      "geolocation": null,
      "id": StringMatching /\\[a-f0-9\\]\\{24\\}/,
      "labels": Any<Array>,
      "last_seen_at": null,
      "name": "Vinz Clortho",
      "newsletters": Any<Array>,
      "note": null,
      "status": "paid",
      "subscribed": true,
      "subscriptions": Any<Array>,
      "unsubscribe_url": "http://domain.com/unsubscribe/?uuid=memberuuid&key=abc123dontstealme",
      "updated_at": StringMatching /\\\\d\\{4\\}-\\\\d\\{2\\}-\\\\d\\{2\\}T\\\\d\\{2\\}:\\\\d\\{2\\}:\\\\d\\{2\\}\\\\\\.000Z/,
      "uuid": StringMatching /\\[a-f0-9\\]\\{8\\}-\\[a-f0-9\\]\\{4\\}-\\[a-f0-9\\]\\{4\\}-\\[a-f0-9\\]\\{4\\}-\\[a-f0-9\\]\\{12\\}/,
    },
    Object {
      "avatar_image": null,
      "comped": false,
      "created_at": StringMatching /\\\\d\\{4\\}-\\\\d\\{2\\}-\\\\d\\{2\\}T\\\\d\\{2\\}:\\\\d\\{2\\}:\\\\d\\{2\\}\\\\\\.000Z/,
      "email": "trialing@test.com",
      "email_count": 0,
      "email_open_rate": null,
      "email_opened_count": 0,
      "email_suppression": Object {
        "info": null,
        "suppressed": false,
      },
      "geolocation": null,
      "id": StringMatching /\\[a-f0-9\\]\\{24\\}/,
      "labels": Any<Array>,
      "last_seen_at": null,
      "name": "Ray Stantz",
      "newsletters": Any<Array>,
      "note": null,
      "status": "paid",
      "subscribed": true,
      "subscriptions": Any<Array>,
      "unsubscribe_url": "http://domain.com/unsubscribe/?uuid=memberuuid&key=abc123dontstealme",
      "updated_at": StringMatching /\\\\d\\{4\\}-\\\\d\\{2\\}-\\\\d\\{2\\}T\\\\d\\{2\\}:\\\\d\\{2\\}:\\\\d\\{2\\}\\\\\\.000Z/,
      "uuid": StringMatching /\\[a-f0-9\\]\\{8\\}-\\[a-f0-9\\]\\{4\\}-\\[a-f0-9\\]\\{4\\}-\\[a-f0-9\\]\\{4\\}-\\[a-f0-9\\]\\{12\\}/,
    },
    Object {
      "avatar_image": null,
      "comped": false,
      "created_at": StringMatching /\\\\d\\{4\\}-\\\\d\\{2\\}-\\\\d\\{2\\}T\\\\d\\{2\\}:\\\\d\\{2\\}:\\\\d\\{2\\}\\\\\\.000Z/,
      "email": "paid@test.com",
      "email_count": 0,
      "email_open_rate": 80,
      "email_opened_count": 0,
      "email_suppression": Object {
        "info": null,
        "suppressed": false,
      },
      "geolocation": null,
      "id": StringMatching /\\[a-f0-9\\]\\{24\\}/,
      "labels": Any<Array>,
      "last_seen_at": null,
      "name": "Egon Spengler",
      "newsletters": Any<Array>,
      "note": null,
      "status": "paid",
      "subscribed": true,
      "subscriptions": Any<Array>,
      "unsubscribe_url": "http://domain.com/unsubscribe/?uuid=memberuuid&key=abc123dontstealme",
      "updated_at": StringMatching /\\\\d\\{4\\}-\\\\d\\{2\\}-\\\\d\\{2\\}T\\\\d\\{2\\}:\\\\d\\{2\\}:\\\\d\\{2\\}\\\\\\.000Z/,
      "uuid": StringMatching /\\[a-f0-9\\]\\{8\\}-\\[a-f0-9\\]\\{4\\}-\\[a-f0-9\\]\\{4\\}-\\[a-f0-9\\]\\{4\\}-\\[a-f0-9\\]\\{12\\}/,
    },
    Object {
      "avatar_image": null,
      "comped": false,
      "created_at": StringMatching /\\\\d\\{4\\}-\\\\d\\{2\\}-\\\\d\\{2\\}T\\\\d\\{2\\}:\\\\d\\{2\\}:\\\\d\\{2\\}\\\\\\.000Z/,
      "email": "member2@test.com",
      "email_count": 0,
      "email_open_rate": 50,
      "email_opened_count": 0,
      "email_suppression": Object {
        "info": null,
        "suppressed": false,
      },
      "geolocation": null,
      "id": StringMatching /\\[a-f0-9\\]\\{24\\}/,
      "labels": Any<Array>,
      "last_seen_at": null,
      "name": null,
      "newsletters": Any<Array>,
      "note": null,
      "status": "free",
      "subscribed": true,
      "subscriptions": Any<Array>,
      "unsubscribe_url": "http://domain.com/unsubscribe/?uuid=memberuuid&key=abc123dontstealme",
      "updated_at": StringMatching /\\\\d\\{4\\}-\\\\d\\{2\\}-\\\\d\\{2\\}T\\\\d\\{2\\}:\\\\d\\{2\\}:\\\\d\\{2\\}\\\\\\.000Z/,
      "uuid": StringMatching /\\[a-f0-9\\]\\{8\\}-\\[a-f0-9\\]\\{4\\}-\\[a-f0-9\\]\\{4\\}-\\[a-f0-9\\]\\{4\\}-\\[a-f0-9\\]\\{12\\}/,
    },
    Object {
      "avatar_image": null,
      "comped": false,
      "created_at": StringMatching /\\\\d\\{4\\}-\\\\d\\{2\\}-\\\\d\\{2\\}T\\\\d\\{2\\}:\\\\d\\{2\\}:\\\\d\\{2\\}\\\\\\.000Z/,
      "email": "member1@test.com",
      "email_count": 0,
      "email_open_rate": null,
      "email_opened_count": 0,
      "email_suppression": Object {
        "info": null,
        "suppressed": false,
      },
      "geolocation": null,
      "id": StringMatching /\\[a-f0-9\\]\\{24\\}/,
      "labels": Any<Array>,
      "last_seen_at": null,
      "name": "Mr Egg",
      "newsletters": Any<Array>,
      "note": null,
      "status": "free",
      "subscribed": true,
      "subscriptions": Any<Array>,
      "unsubscribe_url": "http://domain.com/unsubscribe/?uuid=memberuuid&key=abc123dontstealme",
      "updated_at": StringMatching /\\\\d\\{4\\}-\\\\d\\{2\\}-\\\\d\\{2\\}T\\\\d\\{2\\}:\\\\d\\{2\\}:\\\\d\\{2\\}\\\\\\.000Z/,
      "uuid": StringMatching /\\[a-f0-9\\]\\{8\\}-\\[a-f0-9\\]\\{4\\}-\\[a-f0-9\\]\\{4\\}-\\[a-f0-9\\]\\{4\\}-\\[a-f0-9\\]\\{12\\}/,
    },
  ],
  "meta": Object {
    "pagination": Object {
      "limit": 15,
      "next": null,
      "page": 1,
      "pages": 1,
      "prev": null,
      "total": 6,
    },
  },
}
`;

exports[`Members API - With Newsletters - compat mode Can fetch members who are subscribed 2: [headers] 1`] = `
Object {
  "access-control-allow-origin": "http://127.0.0.1:2369",
  "cache-control": "no-cache, private, no-store, must-revalidate, max-stale=0, post-check=0, pre-check=0",
  "content-length": "8506",
  "content-type": "application/json; charset=utf-8",
  "content-version": StringMatching /v\\\\d\\+\\\\\\.\\\\d\\+/,
  "etag": StringMatching /\\(\\?:W\\\\/\\)\\?"\\(\\?:\\[ !#-\\\\x7E\\\\x80-\\\\xFF\\]\\*\\|\\\\r\\\\n\\[\\\\t \\]\\|\\\\\\\\\\.\\)\\*"/,
  "vary": "Accept-Version, Origin, Accept-Encoding",
  "x-powered-by": "Express",
}
`;

exports[`Members API - With Newsletters Can fetch members who are NOT subscribed 1: [body] 1`] = `
Object {
  "members": Array [
    Object {
      "avatar_image": null,
      "comped": false,
      "created_at": StringMatching /\\\\d\\{4\\}-\\\\d\\{2\\}-\\\\d\\{2\\}T\\\\d\\{2\\}:\\\\d\\{2\\}:\\\\d\\{2\\}\\\\\\.000Z/,
      "email": "with-product@test.com",
      "email_count": 0,
      "email_open_rate": null,
      "email_opened_count": 0,
      "email_suppression": Object {
        "info": null,
        "suppressed": false,
      },
      "geolocation": null,
      "id": StringMatching /\\[a-f0-9\\]\\{24\\}/,
      "labels": Any<Array>,
      "last_seen_at": null,
      "name": "Dana Barrett",
      "newsletters": Any<Array>,
      "note": null,
      "status": "paid",
      "subscribed": false,
      "subscriptions": Any<Array>,
      "unsubscribe_url": "http://domain.com/unsubscribe/?uuid=memberuuid&key=abc123dontstealme",
      "updated_at": StringMatching /\\\\d\\{4\\}-\\\\d\\{2\\}-\\\\d\\{2\\}T\\\\d\\{2\\}:\\\\d\\{2\\}:\\\\d\\{2\\}\\\\\\.000Z/,
      "uuid": StringMatching /\\[a-f0-9\\]\\{8\\}-\\[a-f0-9\\]\\{4\\}-\\[a-f0-9\\]\\{4\\}-\\[a-f0-9\\]\\{4\\}-\\[a-f0-9\\]\\{12\\}/,
    },
    Object {
      "avatar_image": null,
      "comped": false,
      "created_at": StringMatching /\\\\d\\{4\\}-\\\\d\\{2\\}-\\\\d\\{2\\}T\\\\d\\{2\\}:\\\\d\\{2\\}:\\\\d\\{2\\}\\\\\\.000Z/,
      "email": "vip-paid@test.com",
      "email_count": 0,
      "email_open_rate": null,
      "email_opened_count": 0,
      "email_suppression": Object {
        "info": null,
        "suppressed": false,
      },
      "geolocation": null,
      "id": StringMatching /\\[a-f0-9\\]\\{24\\}/,
      "labels": Any<Array>,
      "last_seen_at": null,
      "name": "Peter Venkman",
      "newsletters": Any<Array>,
      "note": null,
      "status": "paid",
      "subscribed": false,
      "subscriptions": Any<Array>,
      "unsubscribe_url": "http://domain.com/unsubscribe/?uuid=memberuuid&key=abc123dontstealme",
      "updated_at": StringMatching /\\\\d\\{4\\}-\\\\d\\{2\\}-\\\\d\\{2\\}T\\\\d\\{2\\}:\\\\d\\{2\\}:\\\\d\\{2\\}\\\\\\.000Z/,
      "uuid": StringMatching /\\[a-f0-9\\]\\{8\\}-\\[a-f0-9\\]\\{4\\}-\\[a-f0-9\\]\\{4\\}-\\[a-f0-9\\]\\{4\\}-\\[a-f0-9\\]\\{12\\}/,
    },
  ],
  "meta": Object {
    "pagination": Object {
      "limit": 15,
      "next": null,
      "page": 1,
      "pages": 1,
      "prev": null,
      "total": 2,
    },
  },
}
`;

exports[`Members API - With Newsletters Can fetch members who are NOT subscribed 2: [headers] 1`] = `
Object {
  "access-control-allow-origin": "http://127.0.0.1:2369",
  "cache-control": "no-cache, private, no-store, must-revalidate, max-stale=0, post-check=0, pre-check=0",
  "content-length": "2407",
  "content-type": "application/json; charset=utf-8",
  "content-version": StringMatching /v\\\\d\\+\\\\\\.\\\\d\\+/,
  "etag": StringMatching /\\(\\?:W\\\\/\\)\\?"\\(\\?:\\[ !#-\\\\x7E\\\\x80-\\\\xFF\\]\\*\\|\\\\r\\\\n\\[\\\\t \\]\\|\\\\\\\\\\.\\)\\*"/,
  "vary": "Accept-Version, Origin, Accept-Encoding",
  "x-powered-by": "Express",
}
`;

exports[`Members API - With Newsletters Can fetch members who are subscribed 1: [body] 1`] = `
Object {
  "members": Array [
    Object {
      "avatar_image": null,
      "comped": false,
      "created_at": StringMatching /\\\\d\\{4\\}-\\\\d\\{2\\}-\\\\d\\{2\\}T\\\\d\\{2\\}:\\\\d\\{2\\}:\\\\d\\{2\\}\\\\\\.000Z/,
      "email": "vip@test.com",
      "email_count": 0,
      "email_open_rate": null,
      "email_opened_count": 0,
      "email_suppression": Object {
        "info": null,
        "suppressed": false,
      },
      "geolocation": null,
      "id": StringMatching /\\[a-f0-9\\]\\{24\\}/,
      "labels": Any<Array>,
      "last_seen_at": null,
      "name": "Winston Zeddemore",
      "newsletters": Any<Array>,
      "note": null,
      "status": "free",
      "subscribed": true,
      "subscriptions": Any<Array>,
      "unsubscribe_url": "http://domain.com/unsubscribe/?uuid=memberuuid&key=abc123dontstealme",
      "updated_at": StringMatching /\\\\d\\{4\\}-\\\\d\\{2\\}-\\\\d\\{2\\}T\\\\d\\{2\\}:\\\\d\\{2\\}:\\\\d\\{2\\}\\\\\\.000Z/,
      "uuid": StringMatching /\\[a-f0-9\\]\\{8\\}-\\[a-f0-9\\]\\{4\\}-\\[a-f0-9\\]\\{4\\}-\\[a-f0-9\\]\\{4\\}-\\[a-f0-9\\]\\{12\\}/,
    },
    Object {
      "avatar_image": null,
      "comped": false,
      "created_at": StringMatching /\\\\d\\{4\\}-\\\\d\\{2\\}-\\\\d\\{2\\}T\\\\d\\{2\\}:\\\\d\\{2\\}:\\\\d\\{2\\}\\\\\\.000Z/,
      "email": "comped@test.com",
      "email_count": 0,
      "email_open_rate": null,
      "email_opened_count": 0,
      "email_suppression": Object {
        "info": null,
        "suppressed": false,
      },
      "geolocation": null,
      "id": StringMatching /\\[a-f0-9\\]\\{24\\}/,
      "labels": Any<Array>,
      "last_seen_at": null,
      "name": "Vinz Clortho",
      "newsletters": Any<Array>,
      "note": null,
      "status": "paid",
      "subscribed": true,
      "subscriptions": Any<Array>,
      "unsubscribe_url": "http://domain.com/unsubscribe/?uuid=memberuuid&key=abc123dontstealme",
      "updated_at": StringMatching /\\\\d\\{4\\}-\\\\d\\{2\\}-\\\\d\\{2\\}T\\\\d\\{2\\}:\\\\d\\{2\\}:\\\\d\\{2\\}\\\\\\.000Z/,
      "uuid": StringMatching /\\[a-f0-9\\]\\{8\\}-\\[a-f0-9\\]\\{4\\}-\\[a-f0-9\\]\\{4\\}-\\[a-f0-9\\]\\{4\\}-\\[a-f0-9\\]\\{12\\}/,
    },
    Object {
      "avatar_image": null,
      "comped": false,
      "created_at": StringMatching /\\\\d\\{4\\}-\\\\d\\{2\\}-\\\\d\\{2\\}T\\\\d\\{2\\}:\\\\d\\{2\\}:\\\\d\\{2\\}\\\\\\.000Z/,
      "email": "trialing@test.com",
      "email_count": 0,
      "email_open_rate": null,
      "email_opened_count": 0,
      "email_suppression": Object {
        "info": null,
        "suppressed": false,
      },
      "geolocation": null,
      "id": StringMatching /\\[a-f0-9\\]\\{24\\}/,
      "labels": Any<Array>,
      "last_seen_at": null,
      "name": "Ray Stantz",
      "newsletters": Any<Array>,
      "note": null,
      "status": "paid",
      "subscribed": true,
      "subscriptions": Any<Array>,
      "unsubscribe_url": "http://domain.com/unsubscribe/?uuid=memberuuid&key=abc123dontstealme",
      "updated_at": StringMatching /\\\\d\\{4\\}-\\\\d\\{2\\}-\\\\d\\{2\\}T\\\\d\\{2\\}:\\\\d\\{2\\}:\\\\d\\{2\\}\\\\\\.000Z/,
      "uuid": StringMatching /\\[a-f0-9\\]\\{8\\}-\\[a-f0-9\\]\\{4\\}-\\[a-f0-9\\]\\{4\\}-\\[a-f0-9\\]\\{4\\}-\\[a-f0-9\\]\\{12\\}/,
    },
    Object {
      "avatar_image": null,
      "comped": false,
      "created_at": StringMatching /\\\\d\\{4\\}-\\\\d\\{2\\}-\\\\d\\{2\\}T\\\\d\\{2\\}:\\\\d\\{2\\}:\\\\d\\{2\\}\\\\\\.000Z/,
      "email": "paid@test.com",
      "email_count": 0,
      "email_open_rate": 80,
      "email_opened_count": 0,
      "email_suppression": Object {
        "info": null,
        "suppressed": false,
      },
      "geolocation": null,
      "id": StringMatching /\\[a-f0-9\\]\\{24\\}/,
      "labels": Any<Array>,
      "last_seen_at": null,
      "name": "Egon Spengler",
      "newsletters": Any<Array>,
      "note": null,
      "status": "paid",
      "subscribed": true,
      "subscriptions": Any<Array>,
      "unsubscribe_url": "http://domain.com/unsubscribe/?uuid=memberuuid&key=abc123dontstealme",
      "updated_at": StringMatching /\\\\d\\{4\\}-\\\\d\\{2\\}-\\\\d\\{2\\}T\\\\d\\{2\\}:\\\\d\\{2\\}:\\\\d\\{2\\}\\\\\\.000Z/,
      "uuid": StringMatching /\\[a-f0-9\\]\\{8\\}-\\[a-f0-9\\]\\{4\\}-\\[a-f0-9\\]\\{4\\}-\\[a-f0-9\\]\\{4\\}-\\[a-f0-9\\]\\{12\\}/,
    },
    Object {
      "avatar_image": null,
      "comped": false,
      "created_at": StringMatching /\\\\d\\{4\\}-\\\\d\\{2\\}-\\\\d\\{2\\}T\\\\d\\{2\\}:\\\\d\\{2\\}:\\\\d\\{2\\}\\\\\\.000Z/,
      "email": "member2@test.com",
      "email_count": 0,
      "email_open_rate": 50,
      "email_opened_count": 0,
      "email_suppression": Object {
        "info": null,
        "suppressed": false,
      },
      "geolocation": null,
      "id": StringMatching /\\[a-f0-9\\]\\{24\\}/,
      "labels": Any<Array>,
      "last_seen_at": null,
      "name": null,
      "newsletters": Any<Array>,
      "note": null,
      "status": "free",
      "subscribed": true,
      "subscriptions": Any<Array>,
      "unsubscribe_url": "http://domain.com/unsubscribe/?uuid=memberuuid&key=abc123dontstealme",
      "updated_at": StringMatching /\\\\d\\{4\\}-\\\\d\\{2\\}-\\\\d\\{2\\}T\\\\d\\{2\\}:\\\\d\\{2\\}:\\\\d\\{2\\}\\\\\\.000Z/,
      "uuid": StringMatching /\\[a-f0-9\\]\\{8\\}-\\[a-f0-9\\]\\{4\\}-\\[a-f0-9\\]\\{4\\}-\\[a-f0-9\\]\\{4\\}-\\[a-f0-9\\]\\{12\\}/,
    },
    Object {
      "avatar_image": null,
      "comped": false,
      "created_at": StringMatching /\\\\d\\{4\\}-\\\\d\\{2\\}-\\\\d\\{2\\}T\\\\d\\{2\\}:\\\\d\\{2\\}:\\\\d\\{2\\}\\\\\\.000Z/,
      "email": "member1@test.com",
      "email_count": 0,
      "email_open_rate": null,
      "email_opened_count": 0,
      "email_suppression": Object {
        "info": null,
        "suppressed": false,
      },
      "geolocation": null,
      "id": StringMatching /\\[a-f0-9\\]\\{24\\}/,
      "labels": Any<Array>,
      "last_seen_at": null,
      "name": "Mr Egg",
      "newsletters": Any<Array>,
      "note": null,
      "status": "free",
      "subscribed": true,
      "subscriptions": Any<Array>,
      "unsubscribe_url": "http://domain.com/unsubscribe/?uuid=memberuuid&key=abc123dontstealme",
      "updated_at": StringMatching /\\\\d\\{4\\}-\\\\d\\{2\\}-\\\\d\\{2\\}T\\\\d\\{2\\}:\\\\d\\{2\\}:\\\\d\\{2\\}\\\\\\.000Z/,
      "uuid": StringMatching /\\[a-f0-9\\]\\{8\\}-\\[a-f0-9\\]\\{4\\}-\\[a-f0-9\\]\\{4\\}-\\[a-f0-9\\]\\{4\\}-\\[a-f0-9\\]\\{12\\}/,
    },
  ],
  "meta": Object {
    "pagination": Object {
      "limit": 15,
      "next": null,
      "page": 1,
      "pages": 1,
      "prev": null,
      "total": 6,
    },
  },
}
`;

exports[`Members API - With Newsletters Can fetch members who are subscribed 2: [headers] 1`] = `
Object {
  "access-control-allow-origin": "http://127.0.0.1:2369",
  "cache-control": "no-cache, private, no-store, must-revalidate, max-stale=0, post-check=0, pre-check=0",
  "content-length": "8506",
  "content-type": "application/json; charset=utf-8",
  "content-version": StringMatching /v\\\\d\\+\\\\\\.\\\\d\\+/,
  "etag": StringMatching /\\(\\?:W\\\\/\\)\\?"\\(\\?:\\[ !#-\\\\x7E\\\\x80-\\\\xFF\\]\\*\\|\\\\r\\\\n\\[\\\\t \\]\\|\\\\\\\\\\.\\)\\*"/,
  "vary": "Accept-Version, Origin, Accept-Encoding",
  "x-powered-by": "Express",
}
`;
