// Jest Snapshot v1, https://goo.gl/fbAQLP

exports[`Create Stripe Checkout Session for Donations Can create a member checkout session for a donation 1: [body] 1`] = `
Object {
  "url": "https://checkout.stripe.com/c/pay/fake-data",
}
`;

exports[`Create Stripe Checkout Session for Donations Can create an anonymous checkout session for a donation 1: [body] 1`] = `
Object {
  "url": "https://checkout.stripe.com/c/pay/fake-data",
}
`;

exports[`Create Stripe Checkout Session for Donations can create a checkout session for a site with a long title 1: [body] 1`] = `
Object {
  "url": "https://checkout.stripe.com/c/pay/fake-data",
}
`;

exports[`Create Stripe Checkout Session for Donations check if donation message is in email 1: [body] 1`] = `
Object {
  "url": "https://checkout.stripe.com/c/pay/fake-data",
}
`;
