// Jest Snapshot v1, https://goo.gl/fbAQLP

exports[`Comments API when authenticated can get member data 1: [body] 1`] = `
Object {
  "avatar_image": null,
  "created_at": StringMatching /\\\\d\\{4\\}-\\\\d\\{2\\}-\\\\d\\{2\\}T\\\\d\\{2\\}:\\\\d\\{2\\}:\\\\d\\{2\\}\\\\\\.000Z/,
  "email": "member@example.com",
  "email_suppression": Object {
    "info": null,
    "suppressed": false,
  },
  "enable_comment_notifications": true,
  "expertise": null,
  "firstname": null,
  "name": null,
  "newsletters": Array [
    Object {
      "description": null,
      "id": StringMatching /\\[a-f0-9\\]\\{24\\}/,
      "name": "Default Newsletter",
      "sort_order": 0,
      "uuid": StringMatching /\\[a-f0-9\\]\\{8\\}-\\[a-f0-9\\]\\{4\\}-\\[a-f0-9\\]\\{4\\}-\\[a-f0-9\\]\\{4\\}-\\[a-f0-9\\]\\{12\\}/,
    },
    Object {
      "description": null,
      "id": StringMatching /\\[a-f0-9\\]\\{24\\}/,
      "name": "Weekly newsletter",
      "sort_order": 2,
      "uuid": StringMatching /\\[a-f0-9\\]\\{8\\}-\\[a-f0-9\\]\\{4\\}-\\[a-f0-9\\]\\{4\\}-\\[a-f0-9\\]\\{4\\}-\\[a-f0-9\\]\\{12\\}/,
    },
  ],
  "paid": false,
  "subscribed": false,
  "subscriptions": Array [],
  "unsubscribe_url": "http://domain.com/unsubscribe/?uuid=memberuuid&key=abc123dontstealme",
  "uuid": StringMatching /\\[a-f0-9\\]\\{8\\}-\\[a-f0-9\\]\\{4\\}-\\[a-f0-9\\]\\{4\\}-\\[a-f0-9\\]\\{4\\}-\\[a-f0-9\\]\\{12\\}/,
}
`;

exports[`Comments API when authenticated can get member data 2: [headers] 1`] = `
Object {
  "access-control-allow-origin": "*",
  "cache-control": "no-cache, private, no-store, must-revalidate, max-stale=0, post-check=0, pre-check=0",
  "content-length": "710",
  "content-type": "application/json; charset=utf-8",
  "etag": StringMatching /\\(\\?:W\\\\/\\)\\?"\\(\\?:\\[ !#-\\\\x7E\\\\x80-\\\\xFF\\]\\*\\|\\\\r\\\\n\\[\\\\t \\]\\|\\\\\\\\\\.\\)\\*"/,
  "vary": "Accept-Encoding",
  "x-powered-by": "Express",
}
`;

exports[`Comments API when authenticated can remove member from suppression list and resubscribe to default newsletters 1: [body] 1`] = `
Object {
  "avatar_image": null,
  "created_at": StringMatching /\\\\d\\{4\\}-\\\\d\\{2\\}-\\\\d\\{2\\}T\\\\d\\{2\\}:\\\\d\\{2\\}:\\\\d\\{2\\}\\\\\\.000Z/,
  "email": "member@example.com",
  "email_suppression": Object {
    "info": null,
    "suppressed": false,
  },
  "enable_comment_notifications": true,
  "expertise": "test",
  "firstname": "Test",
  "name": "Test User",
  "newsletters": Array [],
  "paid": false,
  "subscribed": false,
  "subscriptions": Array [],
  "uuid": StringMatching /\\[a-f0-9\\]\\{8\\}-\\[a-f0-9\\]\\{4\\}-\\[a-f0-9\\]\\{4\\}-\\[a-f0-9\\]\\{4\\}-\\[a-f0-9\\]\\{12\\}/,
}
`;

exports[`Comments API when authenticated can remove member from suppression list and resubscribe to default newsletters 2: [headers] 1`] = `
Object {
  "access-control-allow-origin": "*",
  "cache-control": "no-cache, private, no-store, must-revalidate, max-stale=0, post-check=0, pre-check=0",
  "content-length": "350",
  "content-type": "application/json; charset=utf-8",
  "etag": StringMatching /\\(\\?:W\\\\/\\)\\?"\\(\\?:\\[ !#-\\\\x7E\\\\x80-\\\\xFF\\]\\*\\|\\\\r\\\\n\\[\\\\t \\]\\|\\\\\\\\\\.\\)\\*"/,
  "vary": "Accept-Encoding",
  "x-powered-by": "Express",
}
`;

exports[`Comments API when authenticated can remove member from suppression list and resubscribe to default newsletters 3: [body] 1`] = `
Object {
  "avatar_image": null,
  "created_at": StringMatching /\\\\d\\{4\\}-\\\\d\\{2\\}-\\\\d\\{2\\}T\\\\d\\{2\\}:\\\\d\\{2\\}:\\\\d\\{2\\}\\\\\\.000Z/,
  "email": "member@example.com",
  "email_suppression": Object {
    "info": null,
    "suppressed": false,
  },
  "enable_comment_notifications": true,
  "expertise": "test",
  "firstname": "Test",
  "name": "Test User",
  "newsletters": Array [
    Object {
      "description": null,
      "id": StringMatching /\\[a-f0-9\\]\\{24\\}/,
      "name": "Default Newsletter",
      "sort_order": 0,
    },
    Object {
      "description": null,
      "id": StringMatching /\\[a-f0-9\\]\\{24\\}/,
      "name": "Weekly newsletter",
      "sort_order": 2,
    },
  ],
  "paid": false,
  "subscribed": false,
  "subscriptions": Array [],
  "uuid": StringMatching /\\[a-f0-9\\]\\{8\\}-\\[a-f0-9\\]\\{4\\}-\\[a-f0-9\\]\\{4\\}-\\[a-f0-9\\]\\{4\\}-\\[a-f0-9\\]\\{12\\}/,
}
`;

exports[`Comments API when authenticated can remove member from suppression list and resubscribe to default newsletters 4: [headers] 1`] = `
Object {
  "access-control-allow-origin": "*",
  "cache-control": "no-cache, private, no-store, must-revalidate, max-stale=0, post-check=0, pre-check=0",
  "content-length": "540",
  "content-type": "application/json; charset=utf-8",
  "etag": StringMatching /\\(\\?:W\\\\/\\)\\?"\\(\\?:\\[ !#-\\\\x7E\\\\x80-\\\\xFF\\]\\*\\|\\\\r\\\\n\\[\\\\t \\]\\|\\\\\\\\\\.\\)\\*"/,
  "vary": "Accept-Encoding",
  "x-powered-by": "Express",
}
`;

exports[`Comments API when authenticated can update comment notifications 1: [body] 1`] = `
Object {
  "avatar_image": null,
  "created_at": StringMatching /\\\\d\\{4\\}-\\\\d\\{2\\}-\\\\d\\{2\\}T\\\\d\\{2\\}:\\\\d\\{2\\}:\\\\d\\{2\\}\\\\\\.000Z/,
  "email": "member@example.com",
  "email_suppression": Object {
    "info": null,
    "suppressed": false,
  },
  "enable_comment_notifications": false,
  "expertise": "test",
  "firstname": "Test",
  "name": "Test User",
  "newsletters": Array [
    Object {
      "description": null,
      "id": StringMatching /\\[a-f0-9\\]\\{24\\}/,
      "name": "Default Newsletter",
      "sort_order": 0,
      "uuid": StringMatching /\\[a-f0-9\\]\\{8\\}-\\[a-f0-9\\]\\{4\\}-\\[a-f0-9\\]\\{4\\}-\\[a-f0-9\\]\\{4\\}-\\[a-f0-9\\]\\{12\\}/,
    },
    Object {
      "description": null,
      "id": StringMatching /\\[a-f0-9\\]\\{24\\}/,
      "name": "Weekly newsletter",
      "sort_order": 2,
      "uuid": StringMatching /\\[a-f0-9\\]\\{8\\}-\\[a-f0-9\\]\\{4\\}-\\[a-f0-9\\]\\{4\\}-\\[a-f0-9\\]\\{4\\}-\\[a-f0-9\\]\\{12\\}/,
    },
  ],
  "paid": false,
  "subscribed": false,
  "subscriptions": Array [],
  "unsubscribe_url": "http://domain.com/unsubscribe/?uuid=memberuuid&key=abc123dontstealme",
  "uuid": StringMatching /\\[a-f0-9\\]\\{8\\}-\\[a-f0-9\\]\\{4\\}-\\[a-f0-9\\]\\{4\\}-\\[a-f0-9\\]\\{4\\}-\\[a-f0-9\\]\\{12\\}/,
}
`;

exports[`Comments API when authenticated can update comment notifications 2: [headers] 1`] = `
Object {
  "access-control-allow-origin": "*",
  "cache-control": "no-cache, private, no-store, must-revalidate, max-stale=0, post-check=0, pre-check=0",
  "content-length": "722",
  "content-type": "application/json; charset=utf-8",
  "etag": StringMatching /\\(\\?:W\\\\/\\)\\?"\\(\\?:\\[ !#-\\\\x7E\\\\x80-\\\\xFF\\]\\*\\|\\\\r\\\\n\\[\\\\t \\]\\|\\\\\\\\\\.\\)\\*"/,
  "vary": "Accept-Encoding",
  "x-powered-by": "Express",
}
`;

exports[`Comments API when authenticated can update comment notifications 3: [body] 1`] = `
Object {
  "email": "member@example.com",
  "enable_comment_notifications": true,
  "name": "Test User",
  "newsletters": Array [
    Object {
      "description": null,
      "id": StringMatching /\\[a-f0-9\\]\\{24\\}/,
      "name": "Default Newsletter",
      "sort_order": 0,
      "uuid": StringMatching /\\[a-f0-9\\]\\{8\\}-\\[a-f0-9\\]\\{4\\}-\\[a-f0-9\\]\\{4\\}-\\[a-f0-9\\]\\{4\\}-\\[a-f0-9\\]\\{12\\}/,
    },
    Object {
      "description": null,
      "id": StringMatching /\\[a-f0-9\\]\\{24\\}/,
      "name": "Weekly newsletter",
      "sort_order": 2,
      "uuid": StringMatching /\\[a-f0-9\\]\\{8\\}-\\[a-f0-9\\]\\{4\\}-\\[a-f0-9\\]\\{4\\}-\\[a-f0-9\\]\\{4\\}-\\[a-f0-9\\]\\{12\\}/,
    },
  ],
  "status": "free",
  "uuid": StringMatching /\\[a-f0-9\\]\\{8\\}-\\[a-f0-9\\]\\{4\\}-\\[a-f0-9\\]\\{4\\}-\\[a-f0-9\\]\\{4\\}-\\[a-f0-9\\]\\{12\\}/,
}
`;

exports[`Comments API when authenticated can update comment notifications 4: [headers] 1`] = `
Object {
  "access-control-allow-origin": "*",
  "cache-control": "no-cache, private, no-store, must-revalidate, max-stale=0, post-check=0, pre-check=0",
  "content-length": "446",
  "content-type": "application/json; charset=utf-8",
  "etag": StringMatching /\\(\\?:W\\\\/\\)\\?"\\(\\?:\\[ !#-\\\\x7E\\\\x80-\\\\xFF\\]\\*\\|\\\\r\\\\n\\[\\\\t \\]\\|\\\\\\\\\\.\\)\\*"/,
  "vary": "Accept-Encoding",
  "x-powered-by": "Express",
}
`;

exports[`Comments API when authenticated can update member expertise 1: [body] 1`] = `
Object {
  "avatar_image": null,
  "created_at": StringMatching /\\\\d\\{4\\}-\\\\d\\{2\\}-\\\\d\\{2\\}T\\\\d\\{2\\}:\\\\d\\{2\\}:\\\\d\\{2\\}\\\\\\.000Z/,
  "email": "member@example.com",
  "email_suppression": Object {
    "info": null,
    "suppressed": false,
  },
  "enable_comment_notifications": true,
  "expertise": "Head of Testing",
  "firstname": null,
  "name": null,
  "newsletters": Array [
    Object {
      "description": null,
      "id": StringMatching /\\[a-f0-9\\]\\{24\\}/,
      "name": "Default Newsletter",
      "sort_order": 0,
      "uuid": StringMatching /\\[a-f0-9\\]\\{8\\}-\\[a-f0-9\\]\\{4\\}-\\[a-f0-9\\]\\{4\\}-\\[a-f0-9\\]\\{4\\}-\\[a-f0-9\\]\\{12\\}/,
    },
    Object {
      "description": null,
      "id": StringMatching /\\[a-f0-9\\]\\{24\\}/,
      "name": "Weekly newsletter",
      "sort_order": 2,
      "uuid": StringMatching /\\[a-f0-9\\]\\{8\\}-\\[a-f0-9\\]\\{4\\}-\\[a-f0-9\\]\\{4\\}-\\[a-f0-9\\]\\{4\\}-\\[a-f0-9\\]\\{12\\}/,
    },
  ],
  "paid": false,
  "subscribed": false,
  "subscriptions": Array [],
  "unsubscribe_url": "http://domain.com/unsubscribe/?uuid=memberuuid&key=abc123dontstealme",
  "uuid": StringMatching /\\[a-f0-9\\]\\{8\\}-\\[a-f0-9\\]\\{4\\}-\\[a-f0-9\\]\\{4\\}-\\[a-f0-9\\]\\{4\\}-\\[a-f0-9\\]\\{12\\}/,
}
`;

exports[`Comments API when authenticated can update member expertise 2: [headers] 1`] = `
Object {
  "access-control-allow-origin": "*",
  "cache-control": "no-cache, private, no-store, must-revalidate, max-stale=0, post-check=0, pre-check=0",
  "content-length": "723",
  "content-type": "application/json; charset=utf-8",
  "etag": StringMatching /\\(\\?:W\\\\/\\)\\?"\\(\\?:\\[ !#-\\\\x7E\\\\x80-\\\\xFF\\]\\*\\|\\\\r\\\\n\\[\\\\t \\]\\|\\\\\\\\\\.\\)\\*"/,
  "vary": "Accept-Encoding",
  "x-powered-by": "Express",
}
`;

exports[`Comments API when authenticated can update name 1: [body] 1`] = `
Object {
  "avatar_image": null,
  "created_at": StringMatching /\\\\d\\{4\\}-\\\\d\\{2\\}-\\\\d\\{2\\}T\\\\d\\{2\\}:\\\\d\\{2\\}:\\\\d\\{2\\}\\\\\\.000Z/,
  "email": "member@example.com",
  "email_suppression": Object {
    "info": null,
    "suppressed": false,
  },
  "enable_comment_notifications": true,
  "expertise": "test",
  "firstname": "Test",
  "name": "Test User",
  "newsletters": Array [
    Object {
      "description": null,
      "id": StringMatching /\\[a-f0-9\\]\\{24\\}/,
      "name": "Default Newsletter",
      "sort_order": 0,
      "uuid": StringMatching /\\[a-f0-9\\]\\{8\\}-\\[a-f0-9\\]\\{4\\}-\\[a-f0-9\\]\\{4\\}-\\[a-f0-9\\]\\{4\\}-\\[a-f0-9\\]\\{12\\}/,
    },
    Object {
      "description": null,
      "id": StringMatching /\\[a-f0-9\\]\\{24\\}/,
      "name": "Weekly newsletter",
      "sort_order": 2,
      "uuid": StringMatching /\\[a-f0-9\\]\\{8\\}-\\[a-f0-9\\]\\{4\\}-\\[a-f0-9\\]\\{4\\}-\\[a-f0-9\\]\\{4\\}-\\[a-f0-9\\]\\{12\\}/,
    },
  ],
  "paid": false,
  "subscribed": false,
  "subscriptions": Array [],
  "unsubscribe_url": "http://domain.com/unsubscribe/?uuid=memberuuid&key=abc123dontstealme",
  "uuid": StringMatching /\\[a-f0-9\\]\\{8\\}-\\[a-f0-9\\]\\{4\\}-\\[a-f0-9\\]\\{4\\}-\\[a-f0-9\\]\\{4\\}-\\[a-f0-9\\]\\{12\\}/,
}
`;

exports[`Comments API when authenticated can update name 2: [headers] 1`] = `
Object {
  "access-control-allow-origin": "*",
  "cache-control": "no-cache, private, no-store, must-revalidate, max-stale=0, post-check=0, pre-check=0",
  "content-length": "721",
  "content-type": "application/json; charset=utf-8",
  "etag": StringMatching /\\(\\?:W\\\\/\\)\\?"\\(\\?:\\[ !#-\\\\x7E\\\\x80-\\\\xFF\\]\\*\\|\\\\r\\\\n\\[\\\\t \\]\\|\\\\\\\\\\.\\)\\*"/,
  "vary": "Accept-Encoding",
  "x-powered-by": "Express",
}
`;

exports[`Comments API when authenticated trims whitespace from expertise 1: [body] 1`] = `
Object {
  "avatar_image": null,
  "created_at": StringMatching /\\\\d\\{4\\}-\\\\d\\{2\\}-\\\\d\\{2\\}T\\\\d\\{2\\}:\\\\d\\{2\\}:\\\\d\\{2\\}\\\\\\.000Z/,
  "email": "member@example.com",
  "email_suppression": Object {
    "info": null,
    "suppressed": false,
  },
  "enable_comment_notifications": true,
  "expertise": "test",
  "firstname": null,
  "name": null,
  "newsletters": Array [
    Object {
      "description": null,
      "id": StringMatching /\\[a-f0-9\\]\\{24\\}/,
      "name": "Default Newsletter",
      "sort_order": 0,
      "uuid": StringMatching /\\[a-f0-9\\]\\{8\\}-\\[a-f0-9\\]\\{4\\}-\\[a-f0-9\\]\\{4\\}-\\[a-f0-9\\]\\{4\\}-\\[a-f0-9\\]\\{12\\}/,
    },
    Object {
      "description": null,
      "id": StringMatching /\\[a-f0-9\\]\\{24\\}/,
      "name": "Weekly newsletter",
      "sort_order": 2,
      "uuid": StringMatching /\\[a-f0-9\\]\\{8\\}-\\[a-f0-9\\]\\{4\\}-\\[a-f0-9\\]\\{4\\}-\\[a-f0-9\\]\\{4\\}-\\[a-f0-9\\]\\{12\\}/,
    },
  ],
  "paid": false,
  "subscribed": false,
  "subscriptions": Array [],
  "unsubscribe_url": "http://domain.com/unsubscribe/?uuid=memberuuid&key=abc123dontstealme",
  "uuid": StringMatching /\\[a-f0-9\\]\\{8\\}-\\[a-f0-9\\]\\{4\\}-\\[a-f0-9\\]\\{4\\}-\\[a-f0-9\\]\\{4\\}-\\[a-f0-9\\]\\{12\\}/,
}
`;

exports[`Comments API when authenticated trims whitespace from expertise 2: [headers] 1`] = `
Object {
  "access-control-allow-origin": "*",
  "cache-control": "no-cache, private, no-store, must-revalidate, max-stale=0, post-check=0, pre-check=0",
  "content-length": "712",
  "content-type": "application/json; charset=utf-8",
  "etag": StringMatching /\\(\\?:W\\\\/\\)\\?"\\(\\?:\\[ !#-\\\\x7E\\\\x80-\\\\xFF\\]\\*\\|\\\\r\\\\n\\[\\\\t \\]\\|\\\\\\\\\\.\\)\\*"/,
  "vary": "Accept-Encoding",
  "x-powered-by": "Express",
}
`;

exports[`Comments API when caching members content is enabled can get member data 1: [body] 1`] = `
Object {
  "avatar_image": null,
  "created_at": StringMatching /\\\\d\\{4\\}-\\\\d\\{2\\}-\\\\d\\{2\\}T\\\\d\\{2\\}:\\\\d\\{2\\}:\\\\d\\{2\\}\\\\\\.000Z/,
  "email": "member@example.com",
  "email_suppression": Object {
    "info": null,
    "suppressed": false,
  },
  "enable_comment_notifications": true,
  "expertise": null,
  "firstname": null,
  "name": null,
  "newsletters": Array [
    Object {
      "description": null,
      "id": StringMatching /\\[a-f0-9\\]\\{24\\}/,
      "name": "Default Newsletter",
      "sort_order": 0,
      "uuid": StringMatching /\\[a-f0-9\\]\\{8\\}-\\[a-f0-9\\]\\{4\\}-\\[a-f0-9\\]\\{4\\}-\\[a-f0-9\\]\\{4\\}-\\[a-f0-9\\]\\{12\\}/,
    },
    Object {
      "description": null,
      "id": StringMatching /\\[a-f0-9\\]\\{24\\}/,
      "name": "Weekly newsletter",
      "sort_order": 2,
      "uuid": StringMatching /\\[a-f0-9\\]\\{8\\}-\\[a-f0-9\\]\\{4\\}-\\[a-f0-9\\]\\{4\\}-\\[a-f0-9\\]\\{4\\}-\\[a-f0-9\\]\\{12\\}/,
    },
  ],
  "paid": false,
  "subscribed": false,
  "subscriptions": Array [],
  "uuid": StringMatching /\\[a-f0-9\\]\\{8\\}-\\[a-f0-9\\]\\{4\\}-\\[a-f0-9\\]\\{4\\}-\\[a-f0-9\\]\\{4\\}-\\[a-f0-9\\]\\{12\\}/,
}
`;

exports[`Comments API when caching members content is enabled can get member data 2: [headers] 1`] = `
Object {
  "access-control-allow-origin": "*",
  "cache-control": "no-cache, private, no-store, must-revalidate, max-stale=0, post-check=0, pre-check=0",
  "content-length": "621",
  "content-type": "application/json; charset=utf-8",
  "etag": StringMatching /\\(\\?:W\\\\/\\)\\?"\\(\\?:\\[ !#-\\\\x7E\\\\x80-\\\\xFF\\]\\*\\|\\\\r\\\\n\\[\\\\t \\]\\|\\\\\\\\\\.\\)\\*"/,
  "set-cookie": Array [
    StringMatching /\\^ghost-access=free:/,
    StringMatching /\\^ghost-access-hmac=/,
  ],
  "vary": "Accept-Encoding",
  "x-powered-by": "Express",
}
`;

exports[`Comments API when caching members content is enabled sets ghost-access and ghost-access-hmac cookies 1: [body] 1`] = `
Object {
  "avatar_image": null,
  "created_at": StringMatching /\\\\d\\{4\\}-\\\\d\\{2\\}-\\\\d\\{2\\}T\\\\d\\{2\\}:\\\\d\\{2\\}:\\\\d\\{2\\}\\\\\\.000Z/,
  "email": "member@example.com",
  "email_suppression": Object {
    "info": null,
    "suppressed": false,
  },
  "enable_comment_notifications": true,
  "expertise": null,
  "firstname": null,
  "name": null,
  "newsletters": Array [
    Object {
      "description": null,
      "id": StringMatching /\\[a-f0-9\\]\\{24\\}/,
      "name": "Default Newsletter",
      "sort_order": 0,
      "uuid": StringMatching /\\[a-f0-9\\]\\{8\\}-\\[a-f0-9\\]\\{4\\}-\\[a-f0-9\\]\\{4\\}-\\[a-f0-9\\]\\{4\\}-\\[a-f0-9\\]\\{12\\}/,
    },
    Object {
      "description": null,
      "id": StringMatching /\\[a-f0-9\\]\\{24\\}/,
      "name": "Weekly newsletter",
      "sort_order": 2,
      "uuid": StringMatching /\\[a-f0-9\\]\\{8\\}-\\[a-f0-9\\]\\{4\\}-\\[a-f0-9\\]\\{4\\}-\\[a-f0-9\\]\\{4\\}-\\[a-f0-9\\]\\{12\\}/,
    },
  ],
  "paid": false,
  "subscribed": false,
  "subscriptions": Array [],
  "unsubscribe_url": "http://domain.com/unsubscribe/?uuid=memberuuid&key=abc123dontstealme",
  "uuid": StringMatching /\\[a-f0-9\\]\\{8\\}-\\[a-f0-9\\]\\{4\\}-\\[a-f0-9\\]\\{4\\}-\\[a-f0-9\\]\\{4\\}-\\[a-f0-9\\]\\{12\\}/,
}
`;

exports[`Comments API when caching members content is enabled sets ghost-access and ghost-access-hmac cookies 2: [headers] 1`] = `
Object {
  "access-control-allow-origin": "*",
  "cache-control": "no-cache, private, no-store, must-revalidate, max-stale=0, post-check=0, pre-check=0",
  "content-length": "710",
  "content-type": "application/json; charset=utf-8",
  "etag": StringMatching /\\(\\?:W\\\\/\\)\\?"\\(\\?:\\[ !#-\\\\x7E\\\\x80-\\\\xFF\\]\\*\\|\\\\r\\\\n\\[\\\\t \\]\\|\\\\\\\\\\.\\)\\*"/,
  "set-cookie": Array [
    StringMatching /\\^ghost-access=\\[0-9a-fA-F\\]\\{24\\}:\\\\d\\{10\\}/,
    StringMatching /\\^ghost-access-hmac=\\[a-fA-F0-9\\]\\{64\\}/,
  ],
  "vary": "Accept-Encoding",
  "x-powered-by": "Express",
}
`;

exports[`Comments API when caching members content is enabled sets ghost-access and ghost-access-hmac cookies to null when not authenticated but a cookie is sent 1: [body] 1`] = `
Object {
  "avatar_image": null,
  "created_at": StringMatching /\\\\d\\{4\\}-\\\\d\\{2\\}-\\\\d\\{2\\}T\\\\d\\{2\\}:\\\\d\\{2\\}:\\\\d\\{2\\}\\\\\\.000Z/,
  "email": "member@example.com",
  "email_suppression": Object {
    "info": null,
    "suppressed": false,
  },
  "enable_comment_notifications": true,
  "expertise": null,
  "firstname": null,
  "name": null,
  "newsletters": Array [
    Object {
      "description": null,
      "id": StringMatching /\\[a-f0-9\\]\\{24\\}/,
      "name": "Default Newsletter",
      "sort_order": 0,
      "uuid": StringMatching /\\[a-f0-9\\]\\{8\\}-\\[a-f0-9\\]\\{4\\}-\\[a-f0-9\\]\\{4\\}-\\[a-f0-9\\]\\{4\\}-\\[a-f0-9\\]\\{12\\}/,
    },
    Object {
      "description": null,
      "id": StringMatching /\\[a-f0-9\\]\\{24\\}/,
      "name": "Weekly newsletter",
      "sort_order": 2,
      "uuid": StringMatching /\\[a-f0-9\\]\\{8\\}-\\[a-f0-9\\]\\{4\\}-\\[a-f0-9\\]\\{4\\}-\\[a-f0-9\\]\\{4\\}-\\[a-f0-9\\]\\{12\\}/,
    },
  ],
  "paid": false,
  "subscribed": false,
  "subscriptions": Array [],
  "uuid": StringMatching /\\[a-f0-9\\]\\{8\\}-\\[a-f0-9\\]\\{4\\}-\\[a-f0-9\\]\\{4\\}-\\[a-f0-9\\]\\{4\\}-\\[a-f0-9\\]\\{12\\}/,
}
`;

exports[`Comments API when caching members content is enabled sets ghost-access and ghost-access-hmac cookies to null when not authenticated but a cookie is sent 2: [headers] 1`] = `
Object {
  "access-control-allow-origin": "*",
  "cache-control": "no-cache, private, no-store, must-revalidate, max-stale=0, post-check=0, pre-check=0",
  "content-length": "621",
  "content-type": "application/json; charset=utf-8",
  "etag": StringMatching /\\(\\?:W\\\\/\\)\\?"\\(\\?:\\[ !#-\\\\x7E\\\\x80-\\\\xFF\\]\\*\\|\\\\r\\\\n\\[\\\\t \\]\\|\\\\\\\\\\.\\)\\*"/,
  "set-cookie": Array [
    StringMatching /\\^ghost-access=\\[0-9a-fA-F\\]\\{24\\}:\\\\d\\{10\\}/,
    StringMatching /\\^ghost-access-hmac=\\[a-fA-F0-9\\]\\{64\\}/,
  ],
  "vary": "Accept-Encoding",
  "x-powered-by": "Express",
}
`;

exports[`Comments API when not authenticated but enabled can update comment notifications 1: [body] 1`] = `
Object {
  "email": "member1@test.com",
  "enable_comment_notifications": false,
  "name": "Mr Egg",
  "newsletters": Array [
    Object {
      "description": null,
      "id": StringMatching /\\[a-f0-9\\]\\{24\\}/,
      "name": "Daily newsletter",
      "sort_order": 1,
      "uuid": StringMatching /\\[a-f0-9\\]\\{8\\}-\\[a-f0-9\\]\\{4\\}-\\[a-f0-9\\]\\{4\\}-\\[a-f0-9\\]\\{4\\}-\\[a-f0-9\\]\\{12\\}/,
    },
  ],
  "status": "free",
  "uuid": StringMatching /\\[a-f0-9\\]\\{8\\}-\\[a-f0-9\\]\\{4\\}-\\[a-f0-9\\]\\{4\\}-\\[a-f0-9\\]\\{4\\}-\\[a-f0-9\\]\\{12\\}/,
}
`;

exports[`Comments API when not authenticated but enabled can update comment notifications 2: [headers] 1`] = `
Object {
  "access-control-allow-origin": "*",
  "cache-control": "no-cache, private, no-store, must-revalidate, max-stale=0, post-check=0, pre-check=0",
  "content-length": "299",
  "content-type": "application/json; charset=utf-8",
  "etag": StringMatching /\\(\\?:W\\\\/\\)\\?"\\(\\?:\\[ !#-\\\\x7E\\\\x80-\\\\xFF\\]\\*\\|\\\\r\\\\n\\[\\\\t \\]\\|\\\\\\\\\\.\\)\\*"/,
  "vary": "Accept-Encoding",
  "x-powered-by": "Express",
}
`;
